✓ Initialized. View run at 
https://modal.com/apps/pradeepaiperio/main/ap-HAGTpVqQUui0RZ4uPcio0U
✓ Created objects.
├── 🔨 Created mount D:\pending work\bioinformatics - top 
│   q1\donorconf\modal\modal_census.py
├── 🔨 Created function probe.
├── 🔨 Created function inspect_counts.
├── 🔨 Created function survey.
├── 🔨 Created function pull.
└── 🔨 Created function embedding_api.
/root/modal_census.py:204: FutureWarning: The argument `column_names` is deprecated and will be removed in a future release. Please use `obs_column_names` and `var_column_names` instead.
  ad = cc.get_anndata(census, organism="Homo sapiens", obs_coords=sub.soma_joinid.to_numpy(),
/usr/local/lib/python3.11/functools.py:909: ImplicitModificationWarning: Transforming to str index.
  return dispatch(args[0].__class__)(*args, **kw)
/usr/local/lib/python3.11/functools.py:909: ImplicitModificationWarning: Transforming to str index.
  return dispatch(args[0].__class__)(*args, **kw)
{
  "tag": "lung_F",
  "dataset_id": "9f222629-9e39-47d0-b83f-e08d610c7479",
  "census_version": "2025-11-08",
  "seed": 0,
  "n_cells_in_dataset": 1525043,
  "n_donors_in_dataset": 360,
  "n_donors_kept": 40,
  "n_cells_kept": 5719,
  "n_cells_dropped_missing_embedding": 0,
  "max_cells_per_donor": 150,
  "embedding_dims": {
    "tf-sapiens": 2048,
    "tf-exemplar-human": 2048,
    "scvi": 50
  },
  "n_cell_types": 44,
  "tissue_general_filter": "lung"
}
Stopping app - local entrypoint completed.
✓ App completed. View run at 
https://modal.com/apps/pradeepaiperio/main/ap-HAGTpVqQUui0RZ4uPcio0U
