✓ Initialized. View run at 
https://modal.com/apps/pradeepaiperio/main/ap-tRFBPun63sp9M1TlMrx6Ro
✓ Created objects.
├── 🔨 Created mount D:\pending work\bioinformatics - top 
│   q1\donorconf\modal\modal_census.py
├── 🔨 Created function probe.
├── 🔨 Created function survey.
├── 🔨 Created function inspect_counts.
├── 🔨 Created function embedding_api.
└── 🔨 Created function pull.
/root/modal_census.py:201: FutureWarning: The argument `column_names` is deprecated and will be removed in a future release. Please use `obs_column_names` and `var_column_names` instead.
  ad = cc.get_anndata(census, organism="Homo sapiens", obs_coords=sub.soma_joinid.to_numpy(),
/usr/local/lib/python3.11/functools.py:909: ImplicitModificationWarning: Transforming to str index.
  return dispatch(args[0].__class__)(*args, **kw)
/usr/local/lib/python3.11/functools.py:909: ImplicitModificationWarning: Transforming to str index.
  return dispatch(args[0].__class__)(*args, **kw)
{
  "tag": "blood_C",
  "dataset_id": "218acb0f-9f2f-4f76-b90b-15a4b7c7f629",
  "census_version": "2025-11-08",
  "seed": 0,
  "n_cells_in_dataset": 1263676,
  "n_donors_in_dataset": 261,
  "n_donors_kept": 80,
  "n_cells_kept": 12000,
  "n_cells_dropped_missing_embedding": 0,
  "max_cells_per_donor": 150,
  "embedding_dims": {
    "tf-sapiens": 2048,
    "tf-exemplar-human": 2048,
    "scvi": 50
  },
  "n_cell_types": 11
}
Stopping app - local entrypoint completed.
✓ App completed. View run at 
https://modal.com/apps/pradeepaiperio/main/ap-tRFBPun63sp9M1TlMrx6Ro
