scenario 1 done: donor_sd=0.4 size_difficulty=-0.5 n_cal=6
scenario 2 done: donor_sd=0.4 size_difficulty=-0.5 n_cal=12
scenario 3 done: donor_sd=0.4 size_difficulty=-0.5 n_cal=24
scenario 4 done: donor_sd=0.4 size_difficulty=0.0 n_cal=6
scenario 5 done: donor_sd=0.4 size_difficulty=0.0 n_cal=12
scenario 6 done: donor_sd=0.4 size_difficulty=0.0 n_cal=24
scenario 7 done: donor_sd=0.4 size_difficulty=0.5 n_cal=6
scenario 8 done: donor_sd=0.4 size_difficulty=0.5 n_cal=12
scenario 9 done: donor_sd=0.4 size_difficulty=0.5 n_cal=24
scenario 10 done: donor_sd=0.8 size_difficulty=-0.5 n_cal=6
scenario 11 done: donor_sd=0.8 size_difficulty=-0.5 n_cal=12
scenario 12 done: donor_sd=0.8 size_difficulty=-0.5 n_cal=24
scenario 13 done: donor_sd=0.8 size_difficulty=0.0 n_cal=6
scenario 14 done: donor_sd=0.8 size_difficulty=0.0 n_cal=12
scenario 15 done: donor_sd=0.8 size_difficulty=0.0 n_cal=24
scenario 16 done: donor_sd=0.8 size_difficulty=0.5 n_cal=6
scenario 17 done: donor_sd=0.8 size_difficulty=0.5 n_cal=12
scenario 18 done: donor_sd=0.8 size_difficulty=0.5 n_cal=24
scenario 19 done: donor_sd=1.2 size_difficulty=-0.5 n_cal=6
scenario 20 done: donor_sd=1.2 size_difficulty=-0.5 n_cal=12
scenario 21 done: donor_sd=1.2 size_difficulty=-0.5 n_cal=24
scenario 22 done: donor_sd=1.2 size_difficulty=0.0 n_cal=6
scenario 23 done: donor_sd=1.2 size_difficulty=0.0 n_cal=12
scenario 24 done: donor_sd=1.2 size_difficulty=0.0 n_cal=24
scenario 25 done: donor_sd=1.2 size_difficulty=0.5 n_cal=6
scenario 26 done: donor_sd=1.2 size_difficulty=0.5 n_cal=12
scenario 27 done: donor_sd=1.2 size_difficulty=0.5 n_cal=24
 target  donor_sd  size_difficulty  n_cal_donors         method  donor_mean_coverage  donor_mean_coverage_sd  cell_pooled_coverage  frac_donors_poorly_covered  mean_set_size  p_rep_undercovers_5pts  reported_random_split
    0.9       0.4             -0.5             6    cell_pooled                0.882                   0.023                 0.898                       0.086          1.320                    0.06                  0.899
    0.9       0.4             -0.5             6      donor_crc                1.000                   0.000                 1.000                       0.000          6.000                    0.00                    NaN
    0.9       0.4             -0.5             6 donor_weighted                0.895                   0.030                 0.910                       0.072          1.408                    0.05                    NaN
    0.9       0.4             -0.5            12    cell_pooled                0.884                   0.019                 0.901                       0.075          1.316                    0.04                  0.901
    0.9       0.4             -0.5            12      donor_crc                0.973                   0.013                 0.981                       0.009          2.221                    0.00                    NaN
    0.9       0.4             -0.5            12 donor_weighted                0.899                   0.024                 0.915                       0.062          1.398                    0.02                    NaN
    0.9       0.4             -0.5            24    cell_pooled                0.883                   0.014                 0.900                       0.082          1.320                    0.02                  0.900
    0.9       0.4             -0.5            24      donor_crc                0.935                   0.014                 0.949                       0.030          1.654                    0.00                    NaN
    0.9       0.4             -0.5            24 donor_weighted                0.898                   0.017                 0.915                       0.063          1.400                    0.00                    NaN
    0.9       0.4              0.0             6    cell_pooled                0.901                   0.015                 0.901                       0.012          1.343                    0.00                  0.901
    0.9       0.4              0.0             6      donor_crc                1.000                   0.000                 1.000                       0.000          6.000                    0.00                    NaN
    0.9       0.4              0.0             6 donor_weighted                0.901                   0.015                 0.901                       0.012          1.341                    0.00                    NaN
    0.9       0.4              0.0            12    cell_pooled                0.900                   0.011                 0.900                       0.012          1.329                    0.00                  0.899
    0.9       0.4              0.0            12      donor_crc                0.975                   0.005                 0.975                       0.000          2.004                    0.00                    NaN
    0.9       0.4              0.0            12 donor_weighted                0.899                   0.011                 0.899                       0.011          1.328                    0.00                    NaN
    0.9       0.4              0.0            24    cell_pooled                0.899                   0.009                 0.900                       0.007          1.327                    0.00                  0.899
    0.9       0.4              0.0            24      donor_crc                0.938                   0.007                 0.938                       0.000          1.549                    0.00                    NaN
    0.9       0.4              0.0            24 donor_weighted                0.900                   0.009                 0.900                       0.008          1.328                    0.00                    NaN
    0.9       0.4              0.5             6    cell_pooled                0.912                   0.034                 0.888                       0.059          1.602                    0.03                  0.900
    0.9       0.4              0.5             6      donor_crc                1.000                   0.000                 1.000                       0.000          6.000                    0.00                    NaN
    0.9       0.4              0.5             6 donor_weighted                0.899                   0.027                 0.873                       0.065          1.472                    0.04                    NaN
    0.9       0.4              0.5            12    cell_pooled                0.913                   0.029                 0.891                       0.048          1.580                    0.01                  0.899
    0.9       0.4              0.5            12      donor_crc                0.972                   0.012                 0.958                       0.009          2.247                    0.00                    NaN
    0.9       0.4              0.5            12 donor_weighted                0.896                   0.022                 0.873                       0.063          1.453                    0.02                    NaN
    0.9       0.4              0.5            24    cell_pooled                0.925                   0.025                 0.906                       0.031          1.838                    0.00                  0.899
    0.9       0.4              0.5            24      donor_crc                0.938                   0.012                 0.920                       0.021          1.916                    0.00                    NaN
    0.9       0.4              0.5            24 donor_weighted                0.901                   0.014                 0.879                       0.049          1.600                    0.00                    NaN
    0.9       0.8             -0.5             6    cell_pooled                0.865                   0.044                 0.903                       0.196          1.744                    0.39                  0.901
    0.9       0.8             -0.5             6      donor_crc                1.000                   0.000                 1.000                       0.000          6.000                    0.00                    NaN
    0.9       0.8             -0.5             6 donor_weighted                0.890                   0.047                 0.925                       0.156          1.977                    0.21                    NaN
    0.9       0.8             -0.5            12    cell_pooled                0.861                   0.038                 0.899                       0.203          1.694                    0.36                  0.899
    0.9       0.8             -0.5            12      donor_crc                0.967                   0.024                 0.983                       0.043          3.346                    0.00                    NaN
    0.9       0.8             -0.5            12 donor_weighted                0.895                   0.042                 0.929                       0.144          2.000                    0.15                    NaN
    0.9       0.8             -0.5            24    cell_pooled                0.858                   0.031                 0.900                       0.211          1.666                    0.40                  0.901
    0.9       0.8             -0.5            24      donor_crc                0.935                   0.031                 0.962                       0.082          2.497                    0.01                    NaN
    0.9       0.8             -0.5            24 donor_weighted                0.898                   0.035                 0.933                       0.136          1.996                    0.11                    NaN
    0.9       0.8              0.0             6    cell_pooled                0.899                   0.030                 0.900                       0.081          1.778                    0.07                  0.901
    0.9       0.8              0.0             6      donor_crc                1.000                   0.000                 1.000                       0.000          6.000                    0.00                    NaN
    0.9       0.8              0.0             6 donor_weighted                0.898                   0.028                 0.899                       0.080          1.764                    0.05                    NaN
    0.9       0.8              0.0            12    cell_pooled                0.903                   0.023                 0.902                       0.078          1.814                    0.04                  0.901
    0.9       0.8              0.0            12      donor_crc                0.974                   0.009                 0.974                       0.002          2.769                    0.00                    NaN
    0.9       0.8              0.0            12 donor_weighted                0.899                   0.021                 0.899                       0.081          1.787                    0.03                    NaN
    0.9       0.8              0.0            24    cell_pooled                0.901                   0.017                 0.902                       0.080          1.807                    0.00                  0.899
    0.9       0.8              0.0            24      donor_crc                0.938                   0.013                 0.939                       0.026          2.139                    0.00                    NaN
    0.9       0.8              0.0            24 donor_weighted                0.901                   0.016                 0.901                       0.081          1.798                    0.00                    NaN
    0.9       0.8              0.5             6    cell_pooled                0.915                   0.053                 0.868                       0.117          2.570                    0.11                  0.900
    0.9       0.8              0.5             6      donor_crc                1.000                   0.000                 1.000                       0.000          6.000                    0.00                    NaN
    0.9       0.8              0.5             6 donor_weighted                0.893                   0.049                 0.841                       0.155          2.170                    0.21                    NaN
    0.9       0.8              0.5            12    cell_pooled                0.922                   0.045                 0.879                       0.105          2.825                    0.08                  0.901
    0.9       0.8              0.5            12      donor_crc                0.966                   0.022                 0.938                       0.040          3.758                    0.00                    NaN
    0.9       0.8              0.5            12 donor_weighted                0.891                   0.040                 0.839                       0.151          2.316                    0.20                    NaN
    0.9       0.8              0.5            24    cell_pooled                0.936                   0.037                 0.895                       0.084          2.775                    0.00                  0.900
    0.9       0.8              0.5            24      donor_crc                0.936                   0.029                 0.893                       0.082          2.623                    0.00                    NaN
    0.9       0.8              0.5            24 donor_weighted                0.899                   0.034                 0.849                       0.135          2.146                    0.09                    NaN
    0.9       1.2             -0.5             6    cell_pooled                0.841                   0.058                 0.895                       0.283          2.277                    0.58                  0.899
    0.9       1.2             -0.5             6      donor_crc                1.000                   0.000                 1.000                       0.000          6.000                    0.00                    NaN
    0.9       1.2             -0.5             6 donor_weighted                0.886                   0.058                 0.930                       0.196          2.826                    0.26                    NaN
    0.9       1.2             -0.5            12    cell_pooled                0.838                   0.043                 0.895                       0.280          2.193                    0.58                  0.901
    0.9       1.2             -0.5            12      donor_crc                0.962                   0.029                 0.983                       0.061          4.363                    0.00                    NaN
    0.9       1.2             -0.5            12 donor_weighted                0.889                   0.045                 0.935                       0.188          2.790                    0.21                    NaN
    0.9       1.2             -0.5            24    cell_pooled                0.845                   0.042                 0.902                       0.261          2.282                    0.53                  0.899
    0.9       1.2             -0.5            24      donor_crc                0.935                   0.034                 0.968                       0.111          3.669                    0.01                    NaN
    0.9       1.2             -0.5            24 donor_weighted                0.900                   0.040                 0.945                       0.163          2.974                    0.13                    NaN
    0.9       1.2              0.0             6    cell_pooled                0.888                   0.048                 0.889                       0.169          2.455                    0.21                  0.900
    0.9       1.2              0.0             6      donor_crc                1.000                   0.000                 1.000                       0.000          6.000                    0.00                    NaN
    0.9       1.2              0.0             6 donor_weighted                0.891                   0.043                 0.891                       0.164          2.462                    0.16                    NaN
    0.9       1.2              0.0            12    cell_pooled                0.896                   0.036                 0.894                       0.142          2.464                    0.13                  0.900
    0.9       1.2              0.0            12      donor_crc                0.972                   0.017                 0.972                       0.017          3.671                    0.00                    NaN
    0.9       1.2              0.0            12 donor_weighted                0.898                   0.036                 0.896                       0.140          2.479                    0.10                    NaN
    0.9       1.2              0.0            24    cell_pooled                0.898                   0.029                 0.898                       0.137          2.437                    0.06                  0.901
    0.9       1.2              0.0            24      donor_crc                0.933                   0.022                 0.934                       0.070          2.866                    0.00                    NaN
    0.9       1.2              0.0            24 donor_weighted                0.897                   0.027                 0.897                       0.138          2.424                    0.05                    NaN
    0.9       1.2              0.5             6    cell_pooled                0.918                   0.060                 0.869                       0.135          3.800                    0.15                  0.903
    0.9       1.2              0.5             6      donor_crc                1.000                   0.000                 1.000                       0.000          6.000                    0.00                    NaN
    0.9       1.2              0.5             6 donor_weighted                0.894                   0.060                 0.838                       0.177          3.349                    0.26                    NaN
    0.9       1.2              0.5            12    cell_pooled                0.918                   0.052                 0.865                       0.136          3.427                    0.09                  0.901
    0.9       1.2              0.5            12      donor_crc                0.959                   0.032                 0.922                       0.067          4.271                    0.00                    NaN
    0.9       1.2              0.5            12 donor_weighted                0.888                   0.051                 0.825                       0.187          2.891                    0.24                    NaN
    0.9       1.2              0.5            24    cell_pooled                0.942                   0.039                 0.898                       0.091          3.894                    0.03                  0.900
    0.9       1.2              0.5            24      donor_crc                0.934                   0.035                 0.885                       0.100          3.640                    0.03                    NaN
    0.9       1.2              0.5            24 donor_weighted                0.898                   0.040                 0.838                       0.161          2.993                    0.12                    NaN
written to D:\pending work\bioinformatics - top q1\donorconf\results\h1_coverage
