scenario 1 done: donor_sd=0.5 donors/group=12 labeled=4
scenario 2 done: donor_sd=0.5 donors/group=12 labeled=8
scenario 3 done: donor_sd=0.5 donors/group=24 labeled=4
scenario 4 done: donor_sd=0.5 donors/group=24 labeled=8
scenario 5 done: donor_sd=0.5 donors/group=48 labeled=4
scenario 6 done: donor_sd=0.5 donors/group=48 labeled=8
scenario 7 done: donor_sd=1.0 donors/group=12 labeled=4
scenario 8 done: donor_sd=1.0 donors/group=12 labeled=8
scenario 9 done: donor_sd=1.0 donors/group=24 labeled=4
scenario 10 done: donor_sd=1.0 donors/group=24 labeled=8
scenario 11 done: donor_sd=1.0 donors/group=48 labeled=4
scenario 12 done: donor_sd=1.0 donors/group=48 labeled=8
 donor_sd  donors_per_group  labeled_per_group  cell_type  true_diff          method  ci_coverage  mean_ci_width  nominal
      0.5                12                  4          0       0.08    naive_plugin        0.927          0.139     0.95
      0.5                12                  4          1      -0.08    naive_plugin        0.787          0.103     0.95
      0.5                12                  4          2       0.00    naive_plugin        0.940          0.126     0.95
      0.5                12                  4          0       0.08     cell_pooled        0.413          0.044     0.95
      0.5                12                  4          1      -0.08     cell_pooled        0.327          0.033     0.95
      0.5                12                  4          2       0.00     cell_pooled        0.433          0.040     0.95
      0.5                12                  4          0       0.08 confusion_proxy        0.873          0.210     0.95
      0.5                12                  4          1      -0.08 confusion_proxy        0.853          0.157     0.95
      0.5                12                  4          2       0.00 confusion_proxy        0.880          0.160     0.95
      0.5                12                  4          0       0.08       ppi_donor        0.987          0.256     0.95
      0.5                12                  4          1      -0.08       ppi_donor        0.973          0.203     0.95
      0.5                12                  4          2       0.00       ppi_donor        0.967          0.227     0.95
      0.5                12                  8          0       0.08    naive_plugin        0.907          0.131     0.95
      0.5                12                  8          1      -0.08    naive_plugin        0.953          0.123     0.95
      0.5                12                  8          2       0.00    naive_plugin        0.953          0.122     0.95
      0.5                12                  8          0       0.08     cell_pooled        0.340          0.040     0.95
      0.5                12                  8          1      -0.08     cell_pooled        0.387          0.038     0.95
      0.5                12                  8          2       0.00     cell_pooled        0.433          0.038     0.95
      0.5                12                  8          0       0.08 confusion_proxy        0.840          0.275     0.95
      0.5                12                  8          1      -0.08 confusion_proxy        0.847          0.196     0.95
      0.5                12                  8          2       0.00 confusion_proxy        0.873          0.198     0.95
      0.5                12                  8          0       0.08       ppi_donor        0.973          0.160     0.95
      0.5                12                  8          1      -0.08       ppi_donor        0.967          0.132     0.95
      0.5                12                  8          2       0.00       ppi_donor        0.960          0.142     0.95
      0.5                24                  4          0       0.08    naive_plugin        0.807          0.090     0.95
      0.5                24                  4          1      -0.08    naive_plugin        0.873          0.083     0.95
      0.5                24                  4          2       0.00    naive_plugin        0.960          0.084     0.95
      0.5                24                  4          0       0.08     cell_pooled        0.253          0.028     0.95
      0.5                24                  4          1      -0.08     cell_pooled        0.393          0.026     0.95
      0.5                24                  4          2       0.00     cell_pooled        0.413          0.027     0.95
      0.5                24                  4          0       0.08 confusion_proxy        0.940          0.144     0.95
      0.5                24                  4          1      -0.08 confusion_proxy        0.913          0.112     0.95
      0.5                24                  4          2       0.00 confusion_proxy        0.933          0.109     0.95
      0.5                24                  4          0       0.08       ppi_donor        0.947          0.257     0.95
      0.5                24                  4          1      -0.08       ppi_donor        0.953          0.200     0.95
      0.5                24                  4          2       0.00       ppi_donor        0.960          0.195     0.95
      0.5                24                  8          0       0.08    naive_plugin        0.827          0.087     0.95
      0.5                24                  8          1      -0.08    naive_plugin        0.867          0.083     0.95
      0.5                24                  8          2       0.00    naive_plugin        0.953          0.081     0.95
      0.5                24                  8          0       0.08     cell_pooled        0.320          0.028     0.95
      0.5                24                  8          1      -0.08     cell_pooled        0.307          0.026     0.95
      0.5                24                  8          2       0.00     cell_pooled        0.393          0.027     0.95
      0.5                24                  8          0       0.08 confusion_proxy        0.887          0.155     0.95
      0.5                24                  8          1      -0.08 confusion_proxy        0.940          0.121     0.95
      0.5                24                  8          2       0.00 confusion_proxy        0.940          0.116     0.95
      0.5                24                  8          0       0.08       ppi_donor        0.960          0.143     0.95
      0.5                24                  8          1      -0.08       ppi_donor        0.947          0.117     0.95
      0.5                24                  8          2       0.00       ppi_donor        0.960          0.123     0.95
      0.5                48                  4          0       0.08    naive_plugin        0.733          0.064     0.95
      0.5                48                  4          1      -0.08    naive_plugin        0.753          0.055     0.95
      0.5                48                  4          2       0.00    naive_plugin        0.940          0.063     0.95
      0.5                48                  4          0       0.08     cell_pooled        0.200          0.020     0.95
      0.5                48                  4          1      -0.08     cell_pooled        0.267          0.018     0.95
      0.5                48                  4          2       0.00     cell_pooled        0.420          0.020     0.95
      0.5                48                  4          0       0.08 confusion_proxy        0.920          0.102     0.95
      0.5                48                  4          1      -0.08 confusion_proxy        0.913          0.074     0.95
      0.5                48                  4          2       0.00 confusion_proxy        0.953          0.077     0.95
      0.5                48                  4          0       0.08       ppi_donor        0.967          0.236     0.95
      0.5                48                  4          1      -0.08       ppi_donor        0.973          0.190     0.95
      0.5                48                  4          2       0.00       ppi_donor        0.960          0.200     0.95
      0.5                48                  8          0       0.08    naive_plugin        0.647          0.063     0.95
      0.5                48                  8          1      -0.08    naive_plugin        0.460          0.048     0.95
      0.5                48                  8          2       0.00    naive_plugin        0.927          0.064     0.95
      0.5                48                  8          0       0.08     cell_pooled        0.173          0.020     0.95
      0.5                48                  8          1      -0.08     cell_pooled        0.147          0.016     0.95
      0.5                48                  8          2       0.00     cell_pooled        0.380          0.020     0.95
      0.5                48                  8          0       0.08 confusion_proxy        0.907          0.108     0.95
      0.5                48                  8          1      -0.08 confusion_proxy        0.920          0.076     0.95
      0.5                48                  8          2       0.00 confusion_proxy        0.927          0.080     0.95
      0.5                48                  8          0       0.08       ppi_donor        0.953          0.140     0.95
      0.5                48                  8          1      -0.08       ppi_donor        0.967          0.111     0.95
      0.5                48                  8          2       0.00       ppi_donor        0.960          0.119     0.95
      1.0                12                  4          0       0.08    naive_plugin        0.847          0.184     0.95
      1.0                12                  4          1      -0.08    naive_plugin        0.900          0.215     0.95
      1.0                12                  4          2       0.00    naive_plugin        0.960          0.199     0.95
      1.0                12                  4          0       0.08     cell_pooled        0.220          0.037     0.95
      1.0                12                  4          1      -0.08     cell_pooled        0.267          0.039     0.95
      1.0                12                  4          2       0.00     cell_pooled        0.293          0.038     0.95
      1.0                12                  4          0       0.08 confusion_proxy        0.933          0.426     0.95
      1.0                12                  4          1      -0.08 confusion_proxy        0.920          0.340     0.95
      1.0                12                  4          2       0.00 confusion_proxy        0.927          0.318     0.95
      1.0                12                  4          0       0.08       ppi_donor        0.987          0.302     0.95
      1.0                12                  4          1      -0.08       ppi_donor        0.967          0.240     0.95
      1.0                12                  4          2       0.00       ppi_donor        0.973          0.266     0.95
      1.0                12                  8          0       0.08    naive_plugin        0.860          0.199     0.95
      1.0                12                  8          1      -0.08    naive_plugin        0.873          0.197     0.95
      1.0                12                  8          2       0.00    naive_plugin        0.967          0.254     0.95
      1.0                12                  8          0       0.08     cell_pooled        0.207          0.039     0.95
      1.0                12                  8          1      -0.08     cell_pooled        0.227          0.036     0.95
      1.0                12                  8          2       0.00     cell_pooled        0.260          0.044     0.95
      1.0                12                  8          0       0.08 confusion_proxy        0.820          0.482     0.95
      1.0                12                  8          1      -0.08 confusion_proxy        0.853          0.393     0.95
      1.0                12                  8          2       0.00 confusion_proxy        0.893          0.403     0.95
      1.0                12                  8          0       0.08       ppi_donor        0.953          0.174     0.95
      1.0                12                  8          1      -0.08       ppi_donor        0.953          0.142     0.95
      1.0                12                  8          2       0.00       ppi_donor        0.953          0.154     0.95
      1.0                24                  4          0       0.08    naive_plugin        0.813          0.138     0.95
      1.0                24                  4          1      -0.08    naive_plugin        0.773          0.124     0.95
      1.0                24                  4          2       0.00    naive_plugin        0.947          0.151     0.95
      1.0                24                  4          0       0.08     cell_pooled        0.187          0.028     0.95
      1.0                24                  4          1      -0.08     cell_pooled        0.220          0.025     0.95
      1.0                24                  4          2       0.00     cell_pooled        0.193          0.029     0.95
      1.0                24                  4          0       0.08 confusion_proxy        0.913          0.283     0.95
      1.0                24                  4          1      -0.08 confusion_proxy        0.893          0.230     0.95
      1.0                24                  4          2       0.00 confusion_proxy        0.927          0.210     0.95
      1.0                24                  4          0       0.08       ppi_donor        0.980          0.307     0.95
      1.0                24                  4          1      -0.08       ppi_donor        0.987          0.245     0.95
      1.0                24                  4          2       0.00       ppi_donor        0.967          0.276     0.95
      1.0                24                  8          0       0.08    naive_plugin        0.813          0.134     0.95
      1.0                24                  8          1      -0.08    naive_plugin        0.813          0.123     0.95
      1.0                24                  8          2       0.00    naive_plugin        0.940          0.135     0.95
      1.0                24                  8          0       0.08     cell_pooled        0.207          0.028     0.95
      1.0                24                  8          1      -0.08     cell_pooled        0.147          0.026     0.95
      1.0                24                  8          2       0.00     cell_pooled        0.273          0.028     0.95
      1.0                24                  8          0       0.08 confusion_proxy        0.940          0.314     0.95
      1.0                24                  8          1      -0.08 confusion_proxy        0.920          0.229     0.95
      1.0                24                  8          2       0.00 confusion_proxy        0.907          0.214     0.95
      1.0                24                  8          0       0.08       ppi_donor        0.953          0.166     0.95
      1.0                24                  8          1      -0.08       ppi_donor        0.960          0.137     0.95
      1.0                24                  8          2       0.00       ppi_donor        0.980          0.152     0.95
      1.0                48                  4          0       0.08    naive_plugin        0.660          0.088     0.95
      1.0                48                  4          1      -0.08    naive_plugin        0.707          0.085     0.95
      1.0                48                  4          2       0.00    naive_plugin        0.933          0.087     0.95
      1.0                48                  4          0       0.08     cell_pooled        0.100          0.019     0.95
      1.0                48                  4          1      -0.08     cell_pooled        0.167          0.018     0.95
      1.0                48                  4          2       0.00     cell_pooled        0.347          0.019     0.95
      1.0                48                  4          0       0.08 confusion_proxy        0.933          0.210     0.95
      1.0                48                  4          1      -0.08 confusion_proxy        0.913          0.168     0.95
      1.0                48                  4          2       0.00 confusion_proxy        0.920          0.147     0.95
      1.0                48                  4          0       0.08       ppi_donor        0.987          0.311     0.95
      1.0                48                  4          1      -0.08       ppi_donor        0.967          0.243     0.95
      1.0                48                  4          2       0.00       ppi_donor        0.987          0.276     0.95
      1.0                48                  8          0       0.08    naive_plugin        0.827          0.102     0.95
      1.0                48                  8          1      -0.08    naive_plugin        0.853          0.102     0.95
      1.0                48                  8          2       0.00    naive_plugin        0.953          0.089     0.95
      1.0                48                  8          0       0.08     cell_pooled        0.133          0.020     0.95
      1.0                48                  8          1      -0.08     cell_pooled        0.160          0.019     0.95
      1.0                48                  8          2       0.00     cell_pooled        0.247          0.019     0.95
      1.0                48                  8          0       0.08 confusion_proxy        0.940          0.209     0.95
      1.0                48                  8          1      -0.08 confusion_proxy        0.927          0.178     0.95
      1.0                48                  8          2       0.00 confusion_proxy        0.927          0.158     0.95
      1.0                48                  8          0       0.08       ppi_donor        0.960          0.164     0.95
      1.0                48                  8          1      -0.08       ppi_donor        0.947          0.133     0.95
      1.0                48                  8          2       0.00       ppi_donor        0.960          0.151     0.95
written to D:\pending work\bioinformatics - top q1\donorconf\results\h3_composition
