none 0.0 k= 3 done
none 0.0 k= 6 done
dataset_offset 1.0 k= 3 done
dataset_offset 1.0 k= 6 done
dataset_offset 2.0 k= 3 done
dataset_offset 2.0 k= 6 done
concept_shift 0.4 k= 3 done
concept_shift 0.4 k= 6 done
concept_shift 0.7 k= 3 done
concept_shift 0.7 k= 6 done
         shift  magnitude  k_labeled_target          method  target  coverage  cov_sd  set_size  p_under5  mean_omega
          none        0.0                 3      source_crc     0.9     0.944   0.016     2.284      0.00         NaN
          none        0.0                 3 source_weighted     0.9     0.899   0.023     1.841      0.02         NaN
          none        0.0                 3   target_only_k     0.9     0.892   0.039     1.827      0.16         NaN
          none        0.0                 3   pooled_plugin     0.9     0.900   0.022     1.840      0.02         NaN
          none        0.0                 3    adaptive_crc     0.9     0.922   0.025     2.068      0.00       0.532
          none        0.0                 3 adaptive_plugin     0.9     0.896   0.030     1.829      0.09         NaN
          none        0.0                 6      source_crc     0.9     0.944   0.016     2.253      0.00         NaN
          none        0.0                 6 source_weighted     0.9     0.900   0.022     1.815      0.03         NaN
          none        0.0                 6   target_only_k     0.9     0.896   0.030     1.805      0.04         NaN
          none        0.0                 6   pooled_plugin     0.9     0.900   0.020     1.812      0.01         NaN
          none        0.0                 6    adaptive_crc     0.9     0.919   0.023     1.986      0.01       0.485
          none        0.0                 6 adaptive_plugin     0.9     0.898   0.026     1.806      0.03         NaN
dataset_offset        1.0                 3      source_crc     0.9     0.944   0.018     2.229      0.00         NaN
dataset_offset        1.0                 3 source_weighted     0.9     0.900   0.024     1.799      0.02         NaN
dataset_offset        1.0                 3   target_only_k     0.9     0.896   0.040     1.810      0.14         NaN
dataset_offset        1.0                 3   pooled_plugin     0.9     0.900   0.024     1.799      0.02         NaN
dataset_offset        1.0                 3    adaptive_crc     0.9     0.924   0.027     2.056      0.01       0.568
dataset_offset        1.0                 3 adaptive_plugin     0.9     0.898   0.032     1.801      0.09         NaN
dataset_offset        1.0                 6      source_crc     0.9     0.945   0.018     2.243      0.00         NaN
dataset_offset        1.0                 6 source_weighted     0.9     0.900   0.024     1.805      0.04         NaN
dataset_offset        1.0                 6   target_only_k     0.9     0.896   0.032     1.789      0.07         NaN
dataset_offset        1.0                 6   pooled_plugin     0.9     0.900   0.023     1.801      0.02         NaN
dataset_offset        1.0                 6    adaptive_crc     0.9     0.920   0.025     1.977      0.01       0.480
dataset_offset        1.0                 6 adaptive_plugin     0.9     0.897   0.028     1.792      0.04         NaN
dataset_offset        2.0                 3      source_crc     0.9     0.926   0.020     2.226      0.00         NaN
dataset_offset        2.0                 3 source_weighted     0.9     0.874   0.025     1.798      0.16         NaN
dataset_offset        2.0                 3   target_only_k     0.9     0.889   0.045     1.954      0.20         NaN
dataset_offset        2.0                 3   pooled_plugin     0.9     0.878   0.024     1.819      0.13         NaN
dataset_offset        2.0                 3    adaptive_crc     0.9     0.913   0.038     2.247      0.02       0.820
dataset_offset        2.0                 3 adaptive_plugin     0.9     0.887   0.036     1.913      0.14         NaN
dataset_offset        2.0                 6      source_crc     0.9     0.930   0.021     2.267      0.00         NaN
dataset_offset        2.0                 6 source_weighted     0.9     0.878   0.026     1.820      0.14         NaN
dataset_offset        2.0                 6   target_only_k     0.9     0.891   0.034     1.923      0.11         NaN
dataset_offset        2.0                 6   pooled_plugin     0.9     0.882   0.023     1.843      0.12         NaN
dataset_offset        2.0                 6    adaptive_crc     0.9     0.910   0.029     2.088      0.02       0.680
dataset_offset        2.0                 6 adaptive_plugin     0.9     0.889   0.030     1.903      0.09         NaN
 concept_shift        0.4                 3      source_crc     0.9     0.898   0.022     2.316      0.02         NaN
 concept_shift        0.4                 3 source_weighted     0.9     0.843   0.026     1.844      0.62         NaN
 concept_shift        0.4                 3   target_only_k     0.9     0.896   0.039     2.358      0.11         NaN
 concept_shift        0.4                 3   pooled_plugin     0.9     0.851   0.025     1.905      0.45         NaN
 concept_shift        0.4                 3    adaptive_crc     0.9     0.917   0.041     2.712      0.04       1.395
 concept_shift        0.4                 3 adaptive_plugin     0.9     0.883   0.033     2.193      0.16         NaN
 concept_shift        0.4                 6      source_crc     0.9     0.899   0.024     2.350      0.01         NaN
 concept_shift        0.4                 6 source_weighted     0.9     0.842   0.028     1.862      0.62         NaN
 concept_shift        0.4                 6   target_only_k     0.9     0.900   0.032     2.396      0.04         NaN
 concept_shift        0.4                 6   pooled_plugin     0.9     0.859   0.026     1.980      0.36         NaN
 concept_shift        0.4                 6    adaptive_crc     0.9     0.915   0.034     2.604      0.04       1.390
 concept_shift        0.4                 6 adaptive_plugin     0.9     0.892   0.031     2.301      0.08         NaN
 concept_shift        0.7                 3      source_crc     0.9     0.838   0.026     2.306      0.62         NaN
 concept_shift        0.7                 3 source_weighted     0.9     0.786   0.027     1.835      1.00         NaN
 concept_shift        0.7                 3   target_only_k     0.9     0.894   0.045     3.248      0.13         NaN
 concept_shift        0.7                 3   pooled_plugin     0.9     0.802   0.028     1.959      0.95         NaN
 concept_shift        0.7                 3    adaptive_crc     0.9     0.931   0.060     4.209      0.07       2.635
 concept_shift        0.7                 3 adaptive_plugin     0.9     0.870   0.042     2.789      0.32         NaN
 concept_shift        0.7                 6      source_crc     0.9     0.836   0.026     2.284      0.72         NaN
 concept_shift        0.7                 6 source_weighted     0.9     0.784   0.028     1.813      1.00         NaN
 concept_shift        0.7                 6   target_only_k     0.9     0.901   0.031     3.355      0.06         NaN
 concept_shift        0.7                 6   pooled_plugin     0.9     0.813   0.025     2.058      0.94         NaN
 concept_shift        0.7                 6    adaptive_crc     0.9     0.933   0.043     4.153      0.02       2.910
 concept_shift        0.7                 6 adaptive_plugin     0.9     0.886   0.031     3.037      0.12         NaN
